[     922ms] [ERROR] Failed to load resource: net::ERR_CONNECTION_REFUSED @ https://mon.tiktokv.com/monitor_web/settings/browser-settings?bid=tiktok_4d_webapp&store=1:0
[    1422ms] [ERROR] Failed to load resource: net::ERR_CONNECTION_REFUSED @ https://mon-va.byteoversea.com/monitor_web/settings/browser-settings?bid=tt4d_ai_bot&store=1:0
[    1442ms] [ERROR] Failed to load resource: net::ERR_CONNECTION_REFUSED @ https://maliva-mcs.byteoversea.com/list:0
[    1448ms] [ERROR] Failed to load resource: net::ERR_CONNECTION_REFUSED @ https://maliva-mcs.byteoversea.com/list:0
[    1624ms] [ERROR] Failed to load resource: net::ERR_CONNECTION_REFUSED @ https://mcs-ie2.tiktokw.eu/v1/list:0
[    1624ms] [ERROR] Failed to load resource: net::ERR_CONNECTION_REFUSED @ https://mcs-ie2.tiktokw.eu/v1/list:0
[    1624ms] [ERROR] Failed to load resource: net::ERR_CONNECTION_REFUSED @ https://mcs-ie2.tiktokw.eu/v1/list:0
[    2985ms] [ERROR] Failed to load resource: net::ERR_CONNECTION_REFUSED @ https://mon.tiktokv.com/monitor_browser/collect/batch/:0
[    2985ms] Uncaught (in promise) TypeError: Network request failed, status: 0
    at <anonymous> (https://sf16-website-login.neutral.ttwstatic.com/obj/tiktok_web_login_static/tiktok/web/tt4d_ai_bot/tt4d-chat-sdk/0.0.3-beta.9/libs/oversea/index.js:14:950816)
[    3915ms] [ERROR] Failed to load resource: net::ERR_CONNECTION_REFUSED @ https://mon.tiktokv.com/monitor_browser/collect/batch/?bid=tiktok_pns_web_runtime:0
[   48798ms] [LOG] %cAccountApi Version >>>>%O background: #222; color: #bada55 2.1.6-tiktok @ https://sf16-website.neutral.ttwstatic.com/obj/tiktok_web_static/developers/build/vendors/4293-9f9089ed65cee70e-6e36b60cf3249681657f02559e2bfd6ecd3488e8.js:0
[   48798ms] [LOG] >> lang en @ https://sf16-website.neutral.ttwstatic.com/obj/tiktok_web_static/developers/build/vendors/4293-9f9089ed65cee70e-6e36b60cf3249681657f02559e2bfd6ecd3488e8.js:0
[   48798ms] [LOG] >>> twv I18n isInitialized false @ https://sf16-website.neutral.ttwstatic.com/obj/tiktok_web_static/developers/build/vendors/4293-9f9089ed65cee70e-6e36b60cf3249681657f02559e2bfd6ecd3488e8.js:0
[   48800ms] [LOG] ===> verify_mtb5uj7e_AbGcJzMn_r7wj_4W0Q_8Ndg_hOd7PlFlMc2R @ https://sf16-website.neutral.ttwstatic.com/obj/tiktok_web_static/developers/build/vendors/4293-9f9089ed65cee70e-6e36b60cf3249681657f02559e2bfd6ecd3488e8.js:0
[   63171ms] [LOG] %cAccountApi Version >>>>%O background: #222; color: #bada55 2.1.6-tiktok @ https://sf16-website.neutral.ttwstatic.com/obj/tiktok_web_static/developers/build/vendors/4293-9f9089ed65cee70e-6e36b60cf3249681657f02559e2bfd6ecd3488e8.js:0
[   63171ms] [LOG] >> lang en @ https://sf16-website.neutral.ttwstatic.com/obj/tiktok_web_static/developers/build/vendors/4293-9f9089ed65cee70e-6e36b60cf3249681657f02559e2bfd6ecd3488e8.js:0
[   63171ms] [LOG] >>> twv I18n isInitialized true @ https://sf16-website.neutral.ttwstatic.com/obj/tiktok_web_static/developers/build/vendors/4293-9f9089ed65cee70e-6e36b60cf3249681657f02559e2bfd6ecd3488e8.js:0
[   63562ms] [VERBOSE] [DOM] Input elements should have autocomplete attributes (suggested: "new-password"): (More info: https://goo.gl/9p2vKq) %o @ https://developers.tiktok.com/signup:0
[   63562ms] [VERBOSE] [DOM] Input elements should have autocomplete attributes (suggested: "new-password"): (More info: https://goo.gl/9p2vKq) %o @ https://developers.tiktok.com/signup:0
[  114827ms] [ERROR] Failed to load resource: net::ERR_CONNECTION_REFUSED @ https://mon.tiktokv.com/monitor_browser/collect/batch/?bid=tiktok_pns_web_runtime:0
[  123163ms] [LOG] %cAccountApi Version >>>>%O background: #222; color: #bada55 2.1.6-tiktok @ https://sf16-website.neutral.ttwstatic.com/obj/tiktok_web_static/developers/build/vendors/4293-9f9089ed65cee70e-6e36b60cf3249681657f02559e2bfd6ecd3488e8.js:0
[  123163ms] [LOG] >> lang en @ https://sf16-website.neutral.ttwstatic.com/obj/tiktok_web_static/developers/build/vendors/4293-9f9089ed65cee70e-6e36b60cf3249681657f02559e2bfd6ecd3488e8.js:0
[  123163ms] [LOG] >>> twv I18n isInitialized true @ https://sf16-website.neutral.ttwstatic.com/obj/tiktok_web_static/developers/build/vendors/4293-9f9089ed65cee70e-6e36b60cf3249681657f02559e2bfd6ecd3488e8.js:0
[  125711ms] [ERROR] Failed to load resource: net::ERR_CONNECTION_REFUSED @ https://maliva-mcs.byteoversea.com/list:0
