[     458ms] [INFO] . @ https://sf16-website-login.neutral.tiktokcdn-eu.com/obj/tiktok_web_login_static_eu/webmssdk/1.0.0.388/webmssdk.js:0
[     467ms] [WARNING] Reflect is already polyfilled. @ https://sf16-website-login.neutral.tiktokcdn-eu.com/obj/tiktok_web_login_static_eu/tiktok/webapp/main/react-v18/webapp-desktop/static/js/webapp-desktop.4fb19bf6.js:0
[     499ms] [WARNING] AppContext will be overwritten @ https://sf16-website-login.neutral.tiktokcdn-eu.com/obj/tiktok_web_login_static_eu/tiktok/webapp/main/react-v18/webapp-desktop/static/js/webapp-desktop.4fb19bf6.js:0
[     499ms] [WARNING] AppContext will be overwritten @ https://sf16-website-login.neutral.tiktokcdn-eu.com/obj/tiktok_web_login_static_eu/tiktok/webapp/main/react-v18/webapp-desktop/static/js/webapp-desktop.4fb19bf6.js:0
[     499ms] [WARNING] AppContext will be overwritten @ https://sf16-website-login.neutral.tiktokcdn-eu.com/obj/tiktok_web_login_static_eu/tiktok/webapp/main/react-v18/webapp-desktop/static/js/webapp-desktop.4fb19bf6.js:0
[     499ms] [WARNING] AppContext will be overwritten @ https://sf16-website-login.neutral.tiktokcdn-eu.com/obj/tiktok_web_login_static_eu/tiktok/webapp/main/react-v18/webapp-desktop/static/js/webapp-desktop.4fb19bf6.js:0
[     499ms] [WARNING] AppContext will be overwritten @ https://sf16-website-login.neutral.tiktokcdn-eu.com/obj/tiktok_web_login_static_eu/tiktok/webapp/main/react-v18/webapp-desktop/static/js/webapp-desktop.4fb19bf6.js:0
[     519ms] [WARNING] AppContext will be overwritten @ https://sf16-website-login.neutral.tiktokcdn-eu.com/obj/tiktok_web_login_static_eu/tiktok/webapp/main/react-v18/webapp-desktop/static/js/webapp-desktop.4fb19bf6.js:0
[     521ms] [WARNING] AppContext will be overwritten @ https://sf16-website-login.neutral.tiktokcdn-eu.com/obj/tiktok_web_login_static_eu/tiktok/webapp/main/react-v18/webapp-desktop/static/js/webapp-desktop.4fb19bf6.js:0
[     522ms] [WARNING] loadable: `loadableReady()` requires state, please use `getScriptTags` or `getScriptElements` server-side @ https://sf16-website-login.neutral.tiktokcdn-eu.com/obj/tiktok_web_login_static_eu/tiktok/webapp/main/react-v18/webapp-desktop/static/js/4678.eba13a7a.js:1
[     540ms] [LOG] %c %s color: yellow; background-color: black; [instance: default] appid: 1988, userInfo:{"user_unique_id":"7678599569438393878","user_type":12,"user_id":"7678599548960359427","user_is_login":false,"device_id":"7678599569438393878"} @ https://sf16-website-login.neutral.tiktokcdn-eu.com/obj/tiktok_web_login_static_eu/webmssdk/1.0.0.388/webmssdk.js:0
[     540ms] [LOG] %c %s color: yellow; background-color: black; [instance: default] appid: 1988, sdk is ready, version is 5.3.17, you can report now !!! @ https://sf16-website-login.neutral.tiktokcdn-eu.com/obj/tiktok_web_login_static_eu/webmssdk/1.0.0.388/webmssdk.js:0
[     544ms] [ERROR] Failed to load resource: net::ERR_CONNECTION_REFUSED @ https://mon.tiktokv.com/monitor_web/settings/browser-settings?bid=webmssdk&store=1:0
[     579ms] [ERROR] Failed to load resource: net::ERR_CONNECTION_REFUSED @ https://mcs-ie2.tiktokw.eu/v1/user/webid:0
[     579ms] [ERROR] Failed to load resource: net::ERR_CONNECTION_REFUSED @ https://mon-i18n.tiktokv.com/monitor_web/settings/browser-settings?bid=pns_communication_service&store=1:0
[     580ms] [ERROR] Failed to load resource: net::ERR_CONNECTION_REFUSED @ https://mcs-ie2.tiktokw.eu/v1/list:0
[     625ms] [ERROR] Failed to load resource: net::ERR_CONNECTION_REFUSED @ https://mcs-ie2.tiktokw.eu/v1/list:0
[     633ms] [LOG] Error. Unable to find the experiment:  webapp_auto_dark_mode @ https://sf16-website-login.neutral.tiktokcdn-eu.com/obj/tiktok_web_login_static_eu/webmssdk/1.0.0.388/webmssdk.js:0
[     633ms] [LOG] Error. Unable to find the experiment:  webapp_auto_dark_mode @ https://sf16-website-login.neutral.tiktokcdn-eu.com/obj/tiktok_web_login_static_eu/webmssdk/1.0.0.388/webmssdk.js:0
[     728ms] [ERROR] Failed to load resource: net::ERR_CONNECTION_REFUSED @ https://mon-i18n.tiktokv.com/monitor_web/settings/browser-settings?bid=pns_communication_service&store=1:0
[     729ms] [ERROR] Failed to load resource: net::ERR_CONNECTION_REFUSED @ https://mcs-ie2.tiktokw.eu/v1/list:0
[     755ms] [ERROR] Failed to load resource: net::ERR_CONNECTION_REFUSED @ https://mcs-ie2.tiktokw.eu/v1/list:0
[     759ms] [ERROR] Failed to load resource: net::ERR_CONNECTION_REFUSED @ https://mcs-ie2.tiktokw.eu/v1/list:0
[     921ms] [WARNING] AppContext will be overwritten @ https://sf16-website-login.neutral.tiktokcdn-eu.com/obj/tiktok_web_login_static_eu/tiktok/webapp/main/react-v18/webapp-desktop/static/js/webapp-desktop.4fb19bf6.js:0
[     921ms] [WARNING] AppContext will be overwritten @ https://sf16-website-login.neutral.tiktokcdn-eu.com/obj/tiktok_web_login_static_eu/tiktok/webapp/main/react-v18/webapp-desktop/static/js/webapp-desktop.4fb19bf6.js:0
[     921ms] [WARNING] AppContext will be overwritten @ https://sf16-website-login.neutral.tiktokcdn-eu.com/obj/tiktok_web_login_static_eu/tiktok/webapp/main/react-v18/webapp-desktop/static/js/webapp-desktop.4fb19bf6.js:0
[     921ms] [WARNING] AppContext will be overwritten @ https://sf16-website-login.neutral.tiktokcdn-eu.com/obj/tiktok_web_login_static_eu/tiktok/webapp/main/react-v18/webapp-desktop/static/js/webapp-desktop.4fb19bf6.js:0
[     921ms] [WARNING] AppContext will be overwritten @ https://sf16-website-login.neutral.tiktokcdn-eu.com/obj/tiktok_web_login_static_eu/tiktok/webapp/main/react-v18/webapp-desktop/static/js/webapp-desktop.4fb19bf6.js:0
[     921ms] [WARNING] AppContext will be overwritten @ https://sf16-website-login.neutral.tiktokcdn-eu.com/obj/tiktok_web_login_static_eu/tiktok/webapp/main/react-v18/webapp-desktop/static/js/webapp-desktop.4fb19bf6.js:0
[     921ms] [WARNING] AppContext will be overwritten @ https://sf16-website-login.neutral.tiktokcdn-eu.com/obj/tiktok_web_login_static_eu/tiktok/webapp/main/react-v18/webapp-desktop/static/js/webapp-desktop.4fb19bf6.js:0
[     922ms] [WARNING] AppContext will be overwritten @ https://sf16-website-login.neutral.tiktokcdn-eu.com/obj/tiktok_web_login_static_eu/tiktok/webapp/main/react-v18/webapp-desktop/static/js/webapp-desktop.4fb19bf6.js:0
[     922ms] [WARNING] AppContext will be overwritten @ https://sf16-website-login.neutral.tiktokcdn-eu.com/obj/tiktok_web_login_static_eu/tiktok/webapp/main/react-v18/webapp-desktop/static/js/webapp-desktop.4fb19bf6.js:0
[     967ms] [WARNING] Get user detail failed for getting wrong response @ https://sf16-website-login.neutral.tiktokcdn-eu.com/obj/tiktok_web_login_static_eu/tiktok/webapp/main/react-v18/webapp-desktop/static/js/atom.init.7456e3c9.js:0
[    1218ms] [LOG] ws.opened @ https://sf16-website-login.neutral.tiktokcdn-eu.com/obj/tiktok_web_login_static_eu/webmssdk/1.0.0.388/webmssdk.js:0
[    1221ms] Uncaught (in promise) TypeError: a.init is not a function
    at <anonymous> (https://sf16-website-login.neutral.tiktokcdn-eu.com/obj/tiktok_web_login_static_eu/tiktok/webapp/main/react-v18/webapp-desktop/static/js/async/64887.91e0025f.js:1:544240)
    at l (https://sf16-website-login.neutral.tiktokcdn-eu.com/obj/tiktok_web_login_static_eu/tiktok/webapp/main/react-v18/webapp-desktop/static/js/async/64887.91e0025f.js:1:537334)
    at <anonymous> (https://sf16-website-login.neutral.tiktokcdn-eu.com/obj/tiktok_web_login_static_eu/tiktok/webapp/main/react-v18/webapp-desktop/static/js/async/64887.91e0025f.js:1:538691)
    at <anonymous> (https://sf16-website-login.neutral.tiktokcdn-eu.com/obj/tiktok_web_login_static_eu/tiktok/webapp/main/react-v18/webapp-desktop/static/js/async/64887.91e0025f.js:1:537727)
    at <anonymous> (https://sf16-website-login.neutral.tiktokcdn-eu.com/obj/tiktok_web_login_static_eu/tiktok/webapp/main/react-v18/webapp-desktop/static/js/4678.eba13a7a.js:4:166863)
    at p (https://sf16-website-login.neutral.tiktokcdn-eu.com/obj/tiktok_web_login_static_eu/tiktok/webapp/main/react-v18/webapp-desktop/static/js/4678.eba13a7a.js:4:166660)
    at value (https://sf16-website-login.neutral.tiktokcdn-eu.com/obj/tiktok_web_login_static_eu/tiktok/webapp/main/react-v18/webapp-desktop/static/js/async/64887.91e0025f.js:1:543780)
    at value (https://sf16-website-login.neutral.tiktokcdn-eu.com/obj/tiktok_web_login_static_eu/tiktok/webapp/main/react-v18/webapp-desktop/static/js/async/64887.91e0025f.js:1:543659)
    at <anonymous> (https://sf16-website-login.neutral.tiktokcdn-eu.com/obj/tiktok_web_login_static_eu/tiktok/webapp/main/react-v18/webapp-desktop/static/js/async/64887.91e0025f.js:1:616448)
    at l (https://sf16-website-login.neutral.tiktokcdn-eu.com/obj/tiktok_web_login_static_eu/tiktok/webapp/main/react-v18/webapp-desktop/static/js/async/64887.91e0025f.js:1:608637)
    at <anonymous> (https://sf16-website-login.neutral.tiktokcdn-eu.com/obj/tiktok_web_login_static_eu/tiktok/webapp/main/react-v18/webapp-desktop/static/js/async/64887.91e0025f.js:1:609994)
    at <anonymous> (https://sf16-website-login.neutral.tiktokcdn-eu.com/obj/tiktok_web_login_static_eu/tiktok/webapp/main/react-v18/webapp-desktop/static/js/async/64887.91e0025f.js:1:609030)
    at a (https://sf16-website-login.neutral.tiktokcdn-eu.com/obj/tiktok_web_login_static_eu/tiktok/webapp/main/react-v18/webapp-desktop/static/js/4678.eba13a7a.js:4:166716)
[    1244ms] [WARNING] [i18n] missing key [en] Webapp Close_button Close_button @ https://sf16-website-login.neutral.tiktokcdn-eu.com/obj/tiktok_web_login_static_eu/tiktok/webapp/main/react-v18/webapp-desktop/static/js/biz.common.lib.700647f5.js:0
[    1245ms] [WARNING] The 'deprecatedStyle' prop is deprecated. Please use the associated style props instead (e.g. "marginInline", "flex") @ https://sf16-website-login.neutral.tiktokcdn-eu.com/obj/tiktok_web_login_static_eu/tiktok/webapp/main/react-v18/webapp-desktop/static/js/async/16119.4be2579f.js:0
[    1249ms] [WARNING] The 'deprecatedStyle' prop is deprecated. Please use the associated style props instead (e.g. "marginInline", "flex") @ https://sf16-website-login.neutral.tiktokcdn-eu.com/obj/tiktok_web_login_static_eu/tiktok/webapp/main/react-v18/webapp-desktop/static/js/async/16119.4be2579f.js:0
[    1255ms] [WARNING] The 'deprecatedStyle' prop is deprecated. Please use the associated style props instead (e.g. "marginInline", "flex") @ https://sf16-website-login.neutral.tiktokcdn-eu.com/obj/tiktok_web_login_static_eu/tiktok/webapp/main/react-v18/webapp-desktop/static/js/async/16119.4be2579f.js:0
[    1318ms] [ERROR] Failed to load resource: the server responded with a status of 400 () @ https://www.tiktok.com/api/user/playlist/?WebIdLastTime=1787813282&aid=1988&app_language=en-GB&app_name=tiktok_web&browser_language=en-GB&browser_name=Mozilla&browser_online=true&browser_platform=MacIntel&browser_version=5.0%20%28Macintosh%3B%20Intel%20Mac%20OS%20X%2010_15_7%29%20AppleWebKit%2F537.36%20%28KHTML%2C%20like%20Gecko%29%20Chrome%2F149.0.0.0%20Safari%2F537.36&channel=tiktok_web&cookie_enabled=true&count=20&cursor=0&data_collection_enabled=false&device_id=7678599569438393878&device_platform=web_pc&focus_state=true&from_page=user&history_len=3&is_fullscreen=false&is_page_visible=true&odinId=7678599548960359427&os=mac&priority_region=&referer=&region=NO&screen_height=1440&screen_width=2560&secUid=&tz_name=Europe%2FOslo&user_is_login=false&webcast_language=en-GB&X-Dynosaur=MRLBT1BjdLSO7FZKs6Zv2DCNBX5ZIoce-r9XxsCBbjRqRDa8QpLsECL2zyfKqle7iR3pewQy5IvKjFj/9wdwaGvpxXxtxdkJoj-XrzLnX153aU/rS36NuIoT6CID-XxGXoIuJ/3ApS3jxSB1fqY/tr3D60ECaegOYd4h15r3zaRLU7d0RRZY1UjXozjm3BKKGTN6P988QD06cOYgsrlSD8xrwyHf10CwB74GskkgGDZKXhPDBco9oozst/NUhFLuN7PCtMdhXNOSZbtvBenmwNDzALIQjRzaNTHNlFUjwNcEyxVoFqYe2I/CPs/WJTF1yy4kOoao78rWsgDhQ3M/txxGn9f9A5xnl2GWjMpwq3b/WQIs1KJDzKiJm9Nr9EK1JG4Cik==&msToken=&X-Bogus=1&X-Gnarly=MHLOZulKzMRqHiRO/zEqoBox8RUA/ULe5vxp71uOms/qYOuOVDTSSGqzkSRPInGjiUQdfqXX4CzoKXwqX0/uUmNc5etuHhP0oeFTZib6c0nrCXJ6a29CVh9xcAP-BhsEM5DjNVsacnC9pzte1Mrzvab4xQTr/IDqDAMZ6QJGTSUha8VG50SWZVote/qtR/BLZNuLBaXQVfvSNgfZTZLW7N/vvsxOWc6GsvXEUE8732sWWnSMv5f24afxU3NcN9RdiSzFk7SwSdXZ2lFWcvWN2nbzj4HDFf1ih-No31sIFriFwhdU2GzNalb2hRBl/jVOW9lUlb1-fLOr:0
[    1334ms] [ERROR] Failed to load resource: the server responded with a status of 404 () @ https://sf16-website-login.neutral.tiktokcdn-eu.com/slardar/fe/sdk-web/plugins/common-monitors.1.16.7.js:0
[    1334ms] [ERROR] Refused to execute script from 'https://sf16-website-login.neutral.tiktokcdn-eu.com/slardar/fe/sdk-web/plugins/common-monitors.1.16.7.js' because its MIME type ('application/json') is not executable, and strict MIME type checking is enabled. @ https://www.tiktok.com/@thenightlybuild:0
[    1382ms] [WARNING] %c %s color: yellow; background-color: black; [instance: cookie_banner_tea_sdk] appid: 345918, get webid error, use local webid~ @ https://sf16-website-login.neutral.tiktokcdn-eu.com/obj/tiktok_web_login_static_eu/tiktok/webapp/main/react-v18/webapp-desktop/static/js/npm-dp-byted-tea-sdk-oversea.f4e273c4.js:0
[    1382ms] [LOG] %c %s color: yellow; background-color: black; [instance: cookie_banner_tea_sdk] appid: 345918, userInfo:{"user_unique_id":"6141215941510830411","web_id":"6141215941510830411"} @ https://sf16-website-login.neutral.tiktokcdn-eu.com/obj/tiktok_web_login_static_eu/webmssdk/1.0.0.388/webmssdk.js:0
[    1382ms] [LOG] %c %s color: yellow; background-color: black; [instance: cookie_banner_tea_sdk] appid: 345918, sdk is ready, version is 5.3.17, you can report now !!! @ https://sf16-website-login.neutral.tiktokcdn-eu.com/obj/tiktok_web_login_static_eu/webmssdk/1.0.0.388/webmssdk.js:0
[    1382ms] [ERROR] Failed to load resource: net::ERR_CONNECTION_REFUSED @ https://mcs-ie2.tiktokw.eu/v1/user/webid:0
[    1383ms] [ERROR] Failed to load resource: net::ERR_CONNECTION_REFUSED @ https://mcs-ie2.tiktokw.eu/v1/list:0
[    1410ms] [ERROR] Failed to load resource: net::ERR_CONNECTION_REFUSED @ https://mcs-ie2.tiktokw.eu/v1/list:0
[    1411ms] [ERROR] Failed to load resource: net::ERR_CONNECTION_REFUSED @ https://mcs-ie2.tiktokw.eu/v1/list:0
[    1478ms] [WARNING] Reflect is already polyfilled. @ https://sf16-website-login.neutral.tiktokcdn-eu.com/obj/tiktok_web_login_static_eu/tiktok/web/tiktok_fe_login_vmok/static/js/async/3789.5594e81d.js:0
[    1526ms] [WARNING] InvalidCharacterError: Failed to execute 'atob' on 'Window': The string to be decoded is not correctly encoded.
    at n (https://sf16-website-login.neutral.tiktokcdn-eu.com/obj/tiktok_web_login_static_eu/tiktok/web/tiktok_fe_login_vmok/static/js/async/3789.5594e81d.js:31:470743)
    at k.getLoginContext (https://sf16-website-login.neutral.tiktokcdn-eu.com/obj/tiktok_web_login_static_eu/tiktok/web/tiktok_fe_login_vmok/static/js/async/3789.5594e81d.js:31:307730)
    at https://sf16-website-login.neutral.tiktokcdn-eu.com/obj/tiktok_web_login_static_eu/tiktok/web/tiktok_fe_login_vmok/static/js/async/3789.5594e81d.js:31:304177
    at h (https://sf16-website-login.neutral.tiktokcdn-eu.com/obj/tiktok_web_login_static_eu/tiktok/web/tiktok_fe_login_vmok/static/js/async/3978.af615fbc.js:1:5781)
    at v (https://sf16-website-login.neutral.tiktokcdn-eu.com/obj/tiktok_web_login_static_eu/tiktok/web/tiktok_fe_login_vmok/static/js/async/3978.af615fbc.js:1:5729)
    at u._next (https://sf16-website-login.neutral.tiktokcdn-eu.com/obj/tiktok_web_login_static_eu/tiktok/web/tiktok_fe_login_vmok/static/js/async/1265.e3c8e566.js:1:9038)
    at t.next (https://sf16-website-login.neutral.tiktokcdn-eu.com/obj/tiktok_web_login_static_eu/tiktok/web/tiktok_fe_login_vmok/static/js/async/1265.e3c8e566.js:1:4845)
    at https://sf16-website-login.neutral.tiktokcdn-eu.com/obj/tiktok_web_login_static_eu/tiktok/webapp/main/react-v18/webapp-desktop/static/js/npm-rxjs.3002fb8b.js:1:25781
    at c._next (https://sf16-website-login.neutral.tiktokcdn-eu.com/obj/tiktok_web_login_static_eu/tiktok/webapp/main/react-v18/webapp-desktop/static/js/npm-rxjs.3002fb8b.js:1:19794)
    at r.next (https://sf16-website-login.neutral.tiktokcdn-eu.com/obj/tiktok_web_login_static_eu/tiktok/webapp/main/react-v18/webapp-desktop/static/js/npm-rxjs.3002fb8b.js:1:7426) @ https://sf16-website-login.neutral.tiktokcdn-eu.com/obj/tiktok_web_login_static_eu/tiktok/web/tiktok_fe_login_vmok/static/js/async/3789.5594e81d.js:30
[    1548ms] [WARNING] The 'deprecatedStyle' prop is deprecated. Please use the associated style props instead (e.g. "marginInline", "flex") @ https://sf16-website-login.neutral.tiktokcdn-eu.com/obj/tiktok_web_login_static_eu/tiktok/webapp/main/react-v18/webapp-desktop/static/js/async/16119.4be2579f.js:0
[   30535ms] [ERROR] error Error: Timeout
    at https://sf16-website-login.neutral.tiktokcdn-eu.com/obj/tiktok_web_login_static_eu/tiktok/webapp/main/react-v18/webapp-desktop/static/js/slardar.8879cd84.js:2:83622 @ https://sf16-website-login.neutral.tiktokcdn-eu.com/obj/tiktok_web_login_static_eu/tiktok/webapp/main/react-v18/webapp-desktop/static/js/webapp-desktop.4fb19bf6.js:0
